// Jest Snapshot v1, https://goo.gl/fbAQLP

exports[`<Layout /> Render Layout 1`] = `
<div
  style={
    Object {
      "display": "flex",
      "height": "100%",
      "justifyContent": "space-around",
      "margin": "-60px auto 100px auto",
      "width": "1300px",
    }
  }
>
  <Map />
  <div
    style={
      Object {
        "marginLeft": "30px",
        "minWidth": "650px",
        "zIndex": "2",
      }
    }
  />
</div>
`;
