// Jest Snapshot v1, https://goo.gl/fbAQLP

exports[`<Layout /> Render Layout 1`] = `
<Card
  expandable={false}
  expanded={null}
  initiallyExpanded={false}
  style={
    Object {
      "borderRadius": "2px",
      "margin": "0 auto",
      "marginTop": "120px",
      "minHeight": "500px",
      "width": "1200px",
    }
  }
>
  <CardHeader
    actAsExpander={false}
    avatar={null}
    showExpandableButton={false}
    style={
      Object {
        "padding": "30px 0px",
      }
    }
    subtitle="Submit the bug report, and we will get back to you shortly!"
    subtitleStyle={
      Object {
        "fontSize": "16px",
        "marginTop": "5px",
      }
    }
    title="Hello world"
  />
</Card>
`;
